warning: unexpected `cfg` condition value: `no-entrypoint`
   --> sss-transfer-hook/src/lib.rs:131:1
    |
131 | #[program]
    | ^^^^^^^^^^
    |
    = note: no expected values for `feature`
    = note: using a cfg inside a attribute macro will use the cfgs from the destination crate and not the ones from the defining crate
    = help: try referring to `program` crate for guidance on how handle this unexpected cfg
    = help: the attribute macro `program` may come from an old version of the `anchor_attribute_program` crate, try updating your dependency with `cargo update -p anchor_attribute_program`
    = note: see <https://doc.rust-lang.org/nightly/rustc/check-cfg/cargo-specifics.html> for more information about checking conditional configuration
    = note: `#[warn(unexpected_cfgs)]` on by default
    = note: this warning originates in the attribute macro `program` (in Nightly builds, run with -Z macro-backtrace for more info)

warning: unexpected `cfg` condition value: `cpi`
   --> sss-transfer-hook/src/lib.rs:131:1
    |
131 | #[program]
    | ^^^^^^^^^^
    |
    = note: no expected values for `feature`
    = note: using a cfg inside a attribute macro will use the cfgs from the destination crate and not the ones from the defining crate
    = help: try referring to `program` crate for guidance on how handle this unexpected cfg
    = help: the attribute macro `program` may come from an old version of the `anchor_attribute_program` crate, try updating your dependency with `cargo update -p anchor_attribute_program`
    = note: see <https://doc.rust-lang.org/nightly/rustc/check-cfg/cargo-specifics.html> for more information about checking conditional configuration
    = note: this warning originates in the attribute macro `program` (in Nightly builds, run with -Z macro-backtrace for more info)

warning: unexpected `cfg` condition value: `custom-heap`
   --> sss-transfer-hook/src/lib.rs:131:1
    |
131 | #[program]
    | ^^^^^^^^^^
    |
    = note: no expected values for `feature`
    = note: using a cfg inside a macro will use the cfgs from the destination crate and not the ones from the defining crate
    = help: try referring to `$crate::custom_heap_default` crate for guidance on how handle this unexpected cfg
    = help: the macro `$crate::custom_heap_default` may come from an old version of the `solana_program` crate, try updating your dependency with `cargo update -p solana_program`
    = note: see <https://doc.rust-lang.org/nightly/rustc/check-cfg/cargo-specifics.html> for more information about checking conditional configuration
    = note: this warning originates in the macro `$crate::custom_heap_default` which comes from the expansion of the attribute macro `program` (in Nightly builds, run with -Z macro-backtrace for more info)

warning: unexpected `cfg` condition value: `solana`
   --> sss-transfer-hook/src/lib.rs:131:1
    |
131 | #[program]
    | ^^^^^^^^^^
    |
    = note: expected values for `target_os` are: `aix`, `amdhsa`, `android`, `cuda`, `cygwin`, `dragonfly`, `emscripten`, `espidf`, `freebsd`, `fuchsia`, `haiku`, `hermit`, `horizon`, `hurd`, `illumos`, `ios`, `l4re`, `linux`, `lynxos178`, `macos`, `managarm`, `motor`, `netbsd`, `none`, `nto`, `nuttx`, `openbsd`, `psp`, `psx`, `redox`, `rtems`, `solaris`, `solid_asp3`, `teeos`, and `trusty` and 12 more
    = note: using a cfg inside a macro will use the cfgs from the destination crate and not the ones from the defining crate
    = help: try referring to `$crate::custom_heap_default` crate for guidance on how handle this unexpected cfg
    = help: the macro `$crate::custom_heap_default` may come from an old version of the `solana_program` crate, try updating your dependency with `cargo update -p solana_program`
    = note: see <https://doc.rust-lang.org/nightly/rustc/check-cfg/cargo-specifics.html> for more information about checking conditional configuration
    = note: this warning originates in the macro `$crate::custom_heap_default` which comes from the expansion of the attribute macro `program` (in Nightly builds, run with -Z macro-backtrace for more info)

warning: unexpected `cfg` condition value: `custom-panic`
   --> sss-transfer-hook/src/lib.rs:131:1
    |
131 | #[program]
    | ^^^^^^^^^^
    |
    = note: no expected values for `feature`
    = note: using a cfg inside a macro will use the cfgs from the destination crate and not the ones from the defining crate
    = help: try referring to `$crate::custom_panic_default` crate for guidance on how handle this unexpected cfg
    = help: the macro `$crate::custom_panic_default` may come from an old version of the `solana_program` crate, try updating your dependency with `cargo update -p solana_program`
    = note: see <https://doc.rust-lang.org/nightly/rustc/check-cfg/cargo-specifics.html> for more information about checking conditional configuration
    = note: this warning originates in the macro `$crate::custom_panic_default` which comes from the expansion of the attribute macro `program` (in Nightly builds, run with -Z macro-backtrace for more info)

warning: unexpected `cfg` condition value: `solana`
   --> sss-transfer-hook/src/lib.rs:131:1
    |
131 | #[program]
    | ^^^^^^^^^^
    |
    = note: expected values for `target_os` are: `aix`, `amdhsa`, `android`, `cuda`, `cygwin`, `dragonfly`, `emscripten`, `espidf`, `freebsd`, `fuchsia`, `haiku`, `hermit`, `horizon`, `hurd`, `illumos`, `ios`, `l4re`, `linux`, `lynxos178`, `macos`, `managarm`, `motor`, `netbsd`, `none`, `nto`, `nuttx`, `openbsd`, `psp`, `psx`, `redox`, `rtems`, `solaris`, `solid_asp3`, `teeos`, and `trusty` and 12 more
    = note: using a cfg inside a macro will use the cfgs from the destination crate and not the ones from the defining crate
    = help: try referring to `$crate::custom_panic_default` crate for guidance on how handle this unexpected cfg
    = help: the macro `$crate::custom_panic_default` may come from an old version of the `solana_program` crate, try updating your dependency with `cargo update -p solana_program`
    = note: see <https://doc.rust-lang.org/nightly/rustc/check-cfg/cargo-specifics.html> for more information about checking conditional configuration
    = note: this warning originates in the macro `$crate::custom_panic_default` which comes from the expansion of the attribute macro `program` (in Nightly builds, run with -Z macro-backtrace for more info)

warning: unexpected `cfg` condition value: `anchor-debug`
   --> sss-transfer-hook/src/lib.rs:131:1
    |
131 | #[program]
    | ^^^^^^^^^^
    |
    = note: no expected values for `feature`
    = note: using a cfg inside a attribute macro will use the cfgs from the destination crate and not the ones from the defining crate
    = help: try referring to `program` crate for guidance on how handle this unexpected cfg
    = help: the attribute macro `program` may come from an old version of the `anchor_attribute_program` crate, try updating your dependency with `cargo update -p anchor_attribute_program`
    = note: see <https://doc.rust-lang.org/nightly/rustc/check-cfg/cargo-specifics.html> for more information about checking conditional configuration
    = note: this warning originates in the attribute macro `program` (in Nightly builds, run with -Z macro-backtrace for more info)

warning: unexpected `cfg` condition value: `no-idl`
   --> sss-transfer-hook/src/lib.rs:131:1
    |
131 | #[program]
    | ^^^^^^^^^^
    |
    = note: no expected values for `feature`
    = note: using a cfg inside a attribute macro will use the cfgs from the destination crate and not the ones from the defining crate
    = help: try referring to `program` crate for guidance on how handle this unexpected cfg
    = help: the attribute macro `program` may come from an old version of the `anchor_attribute_program` crate, try updating your dependency with `cargo update -p anchor_attribute_program`
    = note: see <https://doc.rust-lang.org/nightly/rustc/check-cfg/cargo-specifics.html> for more information about checking conditional configuration
    = note: this warning originates in the attribute macro `program` (in Nightly builds, run with -Z macro-backtrace for more info)

warning: unexpected `cfg` condition value: `anchor-debug`
   --> sss-transfer-hook/src/lib.rs:131:1
    |
131 | #[program]
    | ^^^^^^^^^^
    |
    = note: no expected values for `feature`
    = note: using a cfg inside a derive macro will use the cfgs from the destination crate and not the ones from the defining crate
    = help: try referring to `Accounts` crate for guidance on how handle this unexpected cfg
    = help: the derive macro `Accounts` may come from an old version of the `anchor_derive_accounts` crate, try updating your dependency with `cargo update -p anchor_derive_accounts`
    = note: see <https://doc.rust-lang.org/nightly/rustc/check-cfg/cargo-specifics.html> for more information about checking conditional configuration
    = note: this warning originates in the derive macro `Accounts` (in Nightly builds, run with -Z macro-backtrace for more info)

warning: unexpected `cfg` condition value: `no-log-ix-name`
   --> sss-transfer-hook/src/lib.rs:131:1
    |
131 | #[program]
    | ^^^^^^^^^^
    |
    = note: no expected values for `feature`
    = note: using a cfg inside a attribute macro will use the cfgs from the destination crate and not the ones from the defining crate
    = help: try referring to `program` crate for guidance on how handle this unexpected cfg
    = help: the attribute macro `program` may come from an old version of the `anchor_attribute_program` crate, try updating your dependency with `cargo update -p anchor_attribute_program`
    = note: see <https://doc.rust-lang.org/nightly/rustc/check-cfg/cargo-specifics.html> for more information about checking conditional configuration
    = note: this warning originates in the attribute macro `program` (in Nightly builds, run with -Z macro-backtrace for more info)

warning: unexpected `cfg` condition value: `anchor-debug`
   --> sss-transfer-hook/src/lib.rs:179:10
    |
179 | #[derive(Accounts)]
    |          ^^^^^^^^
    |
    = note: no expected values for `feature`
    = note: using a cfg inside a derive macro will use the cfgs from the destination crate and not the ones from the defining crate
    = help: try referring to `Accounts` crate for guidance on how handle this unexpected cfg
    = help: the derive macro `Accounts` may come from an old version of the `anchor_derive_accounts` crate, try updating your dependency with `cargo update -p anchor_derive_accounts`
    = note: see <https://doc.rust-lang.org/nightly/rustc/check-cfg/cargo-specifics.html> for more information about checking conditional configuration
    = note: this warning originates in the derive macro `Accounts` (in Nightly builds, run with -Z macro-backtrace for more info)

warning: unexpected `cfg` condition value: `no-entrypoint`
  --> sss-stablecoin/src/lib.rs:17:1
   |
17 | #[program]
   | ^^^^^^^^^^
   |
   = note: expected values for `feature` are: `idl-build`
   = note: using a cfg inside a attribute macro will use the cfgs from the destination crate and not the ones from the defining crate
   = help: try referring to `program` crate for guidance on how handle this unexpected cfg
   = help: the attribute macro `program` may come from an old version of the `anchor_attribute_program` crate, try updating your dependency with `cargo update -p anchor_attribute_program`
   = note: see <https://doc.rust-lang.org/nightly/rustc/check-cfg/cargo-specifics.html> for more information about checking conditional configuration
   = note: `#[warn(unexpected_cfgs)]` on by default
   = note: this warning originates in the attribute macro `program` (in Nightly builds, run with -Z macro-backtrace for more info)

warning: unexpected `cfg` condition value: `cpi`
  --> sss-stablecoin/src/lib.rs:17:1
   |
17 | #[program]
   | ^^^^^^^^^^
   |
   = note: expected values for `feature` are: `idl-build`
   = note: using a cfg inside a attribute macro will use the cfgs from the destination crate and not the ones from the defining crate
   = help: try referring to `program` crate for guidance on how handle this unexpected cfg
   = help: the attribute macro `program` may come from an old version of the `anchor_attribute_program` crate, try updating your dependency with `cargo update -p anchor_attribute_program`
   = note: see <https://doc.rust-lang.org/nightly/rustc/check-cfg/cargo-specifics.html> for more information about checking conditional configuration
   = note: this warning originates in the attribute macro `program` (in Nightly builds, run with -Z macro-backtrace for more info)

warning: unexpected `cfg` condition value: `custom-heap`
  --> sss-stablecoin/src/lib.rs:17:1
   |
17 | #[program]
   | ^^^^^^^^^^
   |
   = note: expected values for `feature` are: `idl-build`
   = note: using a cfg inside a macro will use the cfgs from the destination crate and not the ones from the defining crate
   = help: try referring to `$crate::custom_heap_default` crate for guidance on how handle this unexpected cfg
   = help: the macro `$crate::custom_heap_default` may come from an old version of the `solana_program` crate, try updating your dependency with `cargo update -p solana_program`
   = note: see <https://doc.rust-lang.org/nightly/rustc/check-cfg/cargo-specifics.html> for more information about checking conditional configuration
   = note: this warning originates in the macro `$crate::custom_heap_default` which comes from the expansion of the attribute macro `program` (in Nightly builds, run with -Z macro-backtrace for more info)

warning: unexpected `cfg` condition value: `solana`
  --> sss-stablecoin/src/lib.rs:17:1
   |
17 | #[program]
   | ^^^^^^^^^^
   |
   = note: expected values for `target_os` are: `aix`, `amdhsa`, `android`, `cuda`, `cygwin`, `dragonfly`, `emscripten`, `espidf`, `freebsd`, `fuchsia`, `haiku`, `hermit`, `horizon`, `hurd`, `illumos`, `ios`, `l4re`, `linux`, `lynxos178`, `macos`, `managarm`, `motor`, `netbsd`, `none`, `nto`, `nuttx`, `openbsd`, `psp`, `psx`, `redox`, `rtems`, `solaris`, `solid_asp3`, `teeos`, and `trusty` and 12 more
   = note: using a cfg inside a macro will use the cfgs from the destination crate and not the ones from the defining crate
   = help: try referring to `$crate::custom_heap_default` crate for guidance on how handle this unexpected cfg
   = help: the macro `$crate::custom_heap_default` may come from an old version of the `solana_program` crate, try updating your dependency with `cargo update -p solana_program`
   = note: see <https://doc.rust-lang.org/nightly/rustc/check-cfg/cargo-specifics.html> for more information about checking conditional configuration
   = note: this warning originates in the macro `$crate::custom_heap_default` which comes from the expansion of the attribute macro `program` (in Nightly builds, run with -Z macro-backtrace for more info)

warning: unexpected `cfg` condition value: `custom-panic`
  --> sss-stablecoin/src/lib.rs:17:1
   |
17 | #[program]
   | ^^^^^^^^^^
   |
   = note: expected values for `feature` are: `idl-build`
   = note: using a cfg inside a macro will use the cfgs from the destination crate and not the ones from the defining crate
   = help: try referring to `$crate::custom_panic_default` crate for guidance on how handle this unexpected cfg
   = help: the macro `$crate::custom_panic_default` may come from an old version of the `solana_program` crate, try updating your dependency with `cargo update -p solana_program`
   = note: see <https://doc.rust-lang.org/nightly/rustc/check-cfg/cargo-specifics.html> for more information about checking conditional configuration
   = note: this warning originates in the macro `$crate::custom_panic_default` which comes from the expansion of the attribute macro `program` (in Nightly builds, run with -Z macro-backtrace for more info)

warning: unexpected `cfg` condition value: `solana`
  --> sss-stablecoin/src/lib.rs:17:1
   |
17 | #[program]
   | ^^^^^^^^^^
   |
   = note: expected values for `target_os` are: `aix`, `amdhsa`, `android`, `cuda`, `cygwin`, `dragonfly`, `emscripten`, `espidf`, `freebsd`, `fuchsia`, `haiku`, `hermit`, `horizon`, `hurd`, `illumos`, `ios`, `l4re`, `linux`, `lynxos178`, `macos`, `managarm`, `motor`, `netbsd`, `none`, `nto`, `nuttx`, `openbsd`, `psp`, `psx`, `redox`, `rtems`, `solaris`, `solid_asp3`, `teeos`, and `trusty` and 12 more
   = note: using a cfg inside a macro will use the cfgs from the destination crate and not the ones from the defining crate
   = help: try referring to `$crate::custom_panic_default` crate for guidance on how handle this unexpected cfg
   = help: the macro `$crate::custom_panic_default` may come from an old version of the `solana_program` crate, try updating your dependency with `cargo update -p solana_program`
   = note: see <https://doc.rust-lang.org/nightly/rustc/check-cfg/cargo-specifics.html> for more information about checking conditional configuration
   = note: this warning originates in the macro `$crate::custom_panic_default` which comes from the expansion of the attribute macro `program` (in Nightly builds, run with -Z macro-backtrace for more info)

warning: unexpected `cfg` condition value: `anchor-debug`
 --> sss-stablecoin/src/instructions/add_to_blacklist.rs:6:10
  |
6 | #[derive(Accounts)]
  |          ^^^^^^^^
  |
  = note: expected values for `feature` are: `idl-build`
  = note: using a cfg inside a derive macro will use the cfgs from the destination crate and not the ones from the defining crate
  = help: try referring to `Accounts` crate for guidance on how handle this unexpected cfg
  = help: the derive macro `Accounts` may come from an old version of the `anchor_derive_accounts` crate, try updating your dependency with `cargo update -p anchor_derive_accounts`
  = note: see <https://doc.rust-lang.org/nightly/rustc/check-cfg/cargo-specifics.html> for more information about checking conditional configuration
  = note: this warning originates in the derive macro `Accounts` (in Nightly builds, run with -Z macro-backtrace for more info)

warning: unexpected `cfg` condition value: `anchor-debug`
 --> sss-stablecoin/src/instructions/burn.rs:9:10
  |
9 | #[derive(Accounts)]
  |          ^^^^^^^^
  |
  = note: expected values for `feature` are: `idl-build`
  = note: using a cfg inside a derive macro will use the cfgs from the destination crate and not the ones from the defining crate
  = help: try referring to `Accounts` crate for guidance on how handle this unexpected cfg
  = help: the derive macro `Accounts` may come from an old version of the `anchor_derive_accounts` crate, try updating your dependency with `cargo update -p anchor_derive_accounts`
  = note: see <https://doc.rust-lang.org/nightly/rustc/check-cfg/cargo-specifics.html> for more information about checking conditional configuration
  = note: this warning originates in the derive macro `Accounts` (in Nightly builds, run with -Z macro-backtrace for more info)

warning: unexpected `cfg` condition value: `anchor-debug`
 --> sss-stablecoin/src/instructions/freeze.rs:9:10
  |
9 | #[derive(Accounts)]
  |          ^^^^^^^^
  |
  = note: expected values for `feature` are: `idl-build`
  = note: using a cfg inside a derive macro will use the cfgs from the destination crate and not the ones from the defining crate
  = help: try referring to `Accounts` crate for guidance on how handle this unexpected cfg
  = help: the derive macro `Accounts` may come from an old version of the `anchor_derive_accounts` crate, try updating your dependency with `cargo update -p anchor_derive_accounts`
  = note: see <https://doc.rust-lang.org/nightly/rustc/check-cfg/cargo-specifics.html> for more information about checking conditional configuration
  = note: this warning originates in the derive macro `Accounts` (in Nightly builds, run with -Z macro-backtrace for more info)

warning: unexpected `cfg` condition value: `anchor-debug`
  --> sss-stablecoin/src/instructions/initialize.rs:15:10
   |
15 | #[derive(Accounts)]
   |          ^^^^^^^^
   |
   = note: expected values for `feature` are: `idl-build`
   = note: using a cfg inside a derive macro will use the cfgs from the destination crate and not the ones from the defining crate
   = help: try referring to `Accounts` crate for guidance on how handle this unexpected cfg
   = help: the derive macro `Accounts` may come from an old version of the `anchor_derive_accounts` crate, try updating your dependency with `cargo update -p anchor_derive_accounts`
   = note: see <https://doc.rust-lang.org/nightly/rustc/check-cfg/cargo-specifics.html> for more information about checking conditional configuration
   = note: this warning originates in the derive macro `Accounts` (in Nightly builds, run with -Z macro-backtrace for more info)

warning: unexpected `cfg` condition value: `anchor-debug`
 --> sss-stablecoin/src/instructions/mint.rs:9:10
  |
9 | #[derive(Accounts)]
  |          ^^^^^^^^
  |
  = note: expected values for `feature` are: `idl-build`
  = note: using a cfg inside a derive macro will use the cfgs from the destination crate and not the ones from the defining crate
  = help: try referring to `Accounts` crate for guidance on how handle this unexpected cfg
  = help: the derive macro `Accounts` may come from an old version of the `anchor_derive_accounts` crate, try updating your dependency with `cargo update -p anchor_derive_accounts`
  = note: see <https://doc.rust-lang.org/nightly/rustc/check-cfg/cargo-specifics.html> for more information about checking conditional configuration
  = note: this warning originates in the derive macro `Accounts` (in Nightly builds, run with -Z macro-backtrace for more info)

warning: unexpected `cfg` condition value: `anchor-debug`
 --> sss-stablecoin/src/instructions/pause.rs:6:10
  |
6 | #[derive(Accounts)]
  |          ^^^^^^^^
  |
  = note: expected values for `feature` are: `idl-build`
  = note: using a cfg inside a derive macro will use the cfgs from the destination crate and not the ones from the defining crate
  = help: try referring to `Accounts` crate for guidance on how handle this unexpected cfg
  = help: the derive macro `Accounts` may come from an old version of the `anchor_derive_accounts` crate, try updating your dependency with `cargo update -p anchor_derive_accounts`
  = note: see <https://doc.rust-lang.org/nightly/rustc/check-cfg/cargo-specifics.html> for more information about checking conditional configuration
  = note: this warning originates in the derive macro `Accounts` (in Nightly builds, run with -Z macro-backtrace for more info)

warning: unexpected `cfg` condition value: `anchor-debug`
 --> sss-stablecoin/src/instructions/remove_from_blacklist.rs:6:10
  |
6 | #[derive(Accounts)]
  |          ^^^^^^^^
  |
  = note: expected values for `feature` are: `idl-build`
  = note: using a cfg inside a derive macro will use the cfgs from the destination crate and not the ones from the defining crate
  = help: try referring to `Accounts` crate for guidance on how handle this unexpected cfg
  = help: the derive macro `Accounts` may come from an old version of the `anchor_derive_accounts` crate, try updating your dependency with `cargo update -p anchor_derive_accounts`
  = note: see <https://doc.rust-lang.org/nightly/rustc/check-cfg/cargo-specifics.html> for more information about checking conditional configuration
  = note: this warning originates in the derive macro `Accounts` (in Nightly builds, run with -Z macro-backtrace for more info)

warning: unexpected `cfg` condition value: `anchor-debug`
  --> sss-stablecoin/src/instructions/seize.rs:11:10
   |
11 | #[derive(Accounts)]
   |          ^^^^^^^^
   |
   = note: expected values for `feature` are: `idl-build`
   = note: using a cfg inside a derive macro will use the cfgs from the destination crate and not the ones from the defining crate
   = help: try referring to `Accounts` crate for guidance on how handle this unexpected cfg
   = help: the derive macro `Accounts` may come from an old version of the `anchor_derive_accounts` crate, try updating your dependency with `cargo update -p anchor_derive_accounts`
   = note: see <https://doc.rust-lang.org/nightly/rustc/check-cfg/cargo-specifics.html> for more information about checking conditional configuration
   = note: this warning originates in the derive macro `Accounts` (in Nightly builds, run with -Z macro-backtrace for more info)

warning: unexpected `cfg` condition value: `anchor-debug`
 --> sss-stablecoin/src/instructions/thaw.rs:9:10
  |
9 | #[derive(Accounts)]
  |          ^^^^^^^^
  |
  = note: expected values for `feature` are: `idl-build`
  = note: using a cfg inside a derive macro will use the cfgs from the destination crate and not the ones from the defining crate
  = help: try referring to `Accounts` crate for guidance on how handle this unexpected cfg
  = help: the derive macro `Accounts` may come from an old version of the `anchor_derive_accounts` crate, try updating your dependency with `cargo update -p anchor_derive_accounts`
  = note: see <https://doc.rust-lang.org/nightly/rustc/check-cfg/cargo-specifics.html> for more information about checking conditional configuration
  = note: this warning originates in the derive macro `Accounts` (in Nightly builds, run with -Z macro-backtrace for more info)

warning: unexpected `cfg` condition value: `anchor-debug`
 --> sss-stablecoin/src/instructions/transfer_authority.rs:6:10
  |
6 | #[derive(Accounts)]
  |          ^^^^^^^^
  |
  = note: expected values for `feature` are: `idl-build`
  = note: using a cfg inside a derive macro will use the cfgs from the destination crate and not the ones from the defining crate
  = help: try referring to `Accounts` crate for guidance on how handle this unexpected cfg
  = help: the derive macro `Accounts` may come from an old version of the `anchor_derive_accounts` crate, try updating your dependency with `cargo update -p anchor_derive_accounts`
  = note: see <https://doc.rust-lang.org/nightly/rustc/check-cfg/cargo-specifics.html> for more information about checking conditional configuration
  = note: this warning originates in the derive macro `Accounts` (in Nightly builds, run with -Z macro-backtrace for more info)

warning: unexpected `cfg` condition value: `anchor-debug`
  --> sss-stablecoin/src/instructions/transfer_authority.rs:48:10
   |
48 | #[derive(Accounts)]
   |          ^^^^^^^^
   |
   = note: expected values for `feature` are: `idl-build`
   = note: using a cfg inside a derive macro will use the cfgs from the destination crate and not the ones from the defining crate
   = help: try referring to `Accounts` crate for guidance on how handle this unexpected cfg
   = help: the derive macro `Accounts` may come from an old version of the `anchor_derive_accounts` crate, try updating your dependency with `cargo update -p anchor_derive_accounts`
   = note: see <https://doc.rust-lang.org/nightly/rustc/check-cfg/cargo-specifics.html> for more information about checking conditional configuration
   = note: this warning originates in the derive macro `Accounts` (in Nightly builds, run with -Z macro-backtrace for more info)

warning: unexpected `cfg` condition value: `anchor-debug`
 --> sss-stablecoin/src/instructions/unpause.rs:6:10
  |
6 | #[derive(Accounts)]
  |          ^^^^^^^^
  |
  = note: expected values for `feature` are: `idl-build`
  = note: using a cfg inside a derive macro will use the cfgs from the destination crate and not the ones from the defining crate
  = help: try referring to `Accounts` crate for guidance on how handle this unexpected cfg
  = help: the derive macro `Accounts` may come from an old version of the `anchor_derive_accounts` crate, try updating your dependency with `cargo update -p anchor_derive_accounts`
  = note: see <https://doc.rust-lang.org/nightly/rustc/check-cfg/cargo-specifics.html> for more information about checking conditional configuration
  = note: this warning originates in the derive macro `Accounts` (in Nightly builds, run with -Z macro-backtrace for more info)

warning: unexpected `cfg` condition value: `anchor-debug`
 --> sss-stablecoin/src/instructions/update_minter.rs:6:10
  |
6 | #[derive(Accounts)]
  |          ^^^^^^^^
  |
  = note: expected values for `feature` are: `idl-build`
  = note: using a cfg inside a derive macro will use the cfgs from the destination crate and not the ones from the defining crate
  = help: try referring to `Accounts` crate for guidance on how handle this unexpected cfg
  = help: the derive macro `Accounts` may come from an old version of the `anchor_derive_accounts` crate, try updating your dependency with `cargo update -p anchor_derive_accounts`
  = note: see <https://doc.rust-lang.org/nightly/rustc/check-cfg/cargo-specifics.html> for more information about checking conditional configuration
  = note: this warning originates in the derive macro `Accounts` (in Nightly builds, run with -Z macro-backtrace for more info)

warning: unexpected `cfg` condition value: `anchor-debug`
 --> sss-stablecoin/src/instructions/update_roles.rs:6:10
  |
6 | #[derive(Accounts)]
  |          ^^^^^^^^
  |
  = note: expected values for `feature` are: `idl-build`
  = note: using a cfg inside a derive macro will use the cfgs from the destination crate and not the ones from the defining crate
  = help: try referring to `Accounts` crate for guidance on how handle this unexpected cfg
  = help: the derive macro `Accounts` may come from an old version of the `anchor_derive_accounts` crate, try updating your dependency with `cargo update -p anchor_derive_accounts`
  = note: see <https://doc.rust-lang.org/nightly/rustc/check-cfg/cargo-specifics.html> for more information about checking conditional configuration
  = note: this warning originates in the derive macro `Accounts` (in Nightly builds, run with -Z macro-backtrace for more info)

warning: unexpected `cfg` condition value: `anchor-debug`
  --> sss-stablecoin/src/lib.rs:17:1
   |
17 | #[program]
   | ^^^^^^^^^^
   |
   = note: expected values for `feature` are: `idl-build`
   = note: using a cfg inside a attribute macro will use the cfgs from the destination crate and not the ones from the defining crate
   = help: try referring to `program` crate for guidance on how handle this unexpected cfg
   = help: the attribute macro `program` may come from an old version of the `anchor_attribute_program` crate, try updating your dependency with `cargo update -p anchor_attribute_program`
   = note: see <https://doc.rust-lang.org/nightly/rustc/check-cfg/cargo-specifics.html> for more information about checking conditional configuration
   = note: this warning originates in the attribute macro `program` (in Nightly builds, run with -Z macro-backtrace for more info)

warning: unexpected `cfg` condition value: `no-idl`
  --> sss-stablecoin/src/lib.rs:17:1
   |
17 | #[program]
   | ^^^^^^^^^^
   |
   = note: expected values for `feature` are: `idl-build`
   = note: using a cfg inside a attribute macro will use the cfgs from the destination crate and not the ones from the defining crate
   = help: try referring to `program` crate for guidance on how handle this unexpected cfg
   = help: the attribute macro `program` may come from an old version of the `anchor_attribute_program` crate, try updating your dependency with `cargo update -p anchor_attribute_program`
   = note: see <https://doc.rust-lang.org/nightly/rustc/check-cfg/cargo-specifics.html> for more information about checking conditional configuration
   = note: this warning originates in the attribute macro `program` (in Nightly builds, run with -Z macro-backtrace for more info)

warning: unexpected `cfg` condition value: `anchor-debug`
  --> sss-stablecoin/src/lib.rs:17:1
   |
17 | #[program]
   | ^^^^^^^^^^
   |
   = note: expected values for `feature` are: `idl-build`
   = note: using a cfg inside a derive macro will use the cfgs from the destination crate and not the ones from the defining crate
   = help: try referring to `Accounts` crate for guidance on how handle this unexpected cfg
   = help: the derive macro `Accounts` may come from an old version of the `anchor_derive_accounts` crate, try updating your dependency with `cargo update -p anchor_derive_accounts`
   = note: see <https://doc.rust-lang.org/nightly/rustc/check-cfg/cargo-specifics.html> for more information about checking conditional configuration
   = note: this warning originates in the derive macro `Accounts` (in Nightly builds, run with -Z macro-backtrace for more info)

warning: unexpected `cfg` condition value: `no-log-ix-name`
  --> sss-stablecoin/src/lib.rs:17:1
   |
17 | #[program]
   | ^^^^^^^^^^
   |
   = note: expected values for `feature` are: `idl-build`
   = note: using a cfg inside a attribute macro will use the cfgs from the destination crate and not the ones from the defining crate
   = help: try referring to `program` crate for guidance on how handle this unexpected cfg
   = help: the attribute macro `program` may come from an old version of the `anchor_attribute_program` crate, try updating your dependency with `cargo update -p anchor_attribute_program`
   = note: see <https://doc.rust-lang.org/nightly/rustc/check-cfg/cargo-specifics.html> for more information about checking conditional configuration
   = note: this warning originates in the attribute macro `program` (in Nightly builds, run with -Z macro-backtrace for more info)

warning: `sss-transfer-hook` (lib) generated 16 warnings (5 duplicates)
warning: `sss-stablecoin` (lib) generated 29 warnings (5 duplicates)
warning: `sss-stablecoin` (lib test) generated 29 warnings (29 duplicates)
warning: `sss-transfer-hook` (lib test) generated 16 warnings (16 duplicates)
    Finished `test` profile [unoptimized + debuginfo] target(s) in 0.41s
     Running unittests src/lib.rs (target/debug/deps/sss_stablecoin-33f270fcd94b38b1)

running 40 tests
test instructions::initialize::tests::extensions_are_empty_when_all_flags_disabled ... ok
test instructions::initialize::tests::extensions_include_all_optional_extensions ... ok
test instructions::initialize::tests::extensions_include_default_account_state_when_enabled ... ok
test instructions::initialize::tests::extensions_include_permanent_delegate_when_enabled ... ok
test instructions::initialize::tests::extensions_include_transfer_hook_when_enabled ... ok
test instructions::initialize::tests::max_name_length_constant_is_32 ... ok
test instructions::initialize::tests::mint_len_calculates_for_all_extensions ... ok
test instructions::initialize::tests::mint_len_calculates_for_base_extension_set ... ok
test instructions::initialize::tests::max_symbol_length_constant_is_10 ... ok
test instructions::initialize::tests::mint_len_grows_when_optional_extensions_added ... ok
test instructions::update_minter::tests::add_allows_same_quota_for_different_address ... ok
test instructions::update_minter::tests::add_duplicate_minter_returns_invalid_role ... ok
test instructions::update_minter::tests::add_inserts_new_minter_with_zero_minted ... ok
test instructions::update_minter::tests::add_with_zero_quota_is_allowed ... ok
test instructions::update_minter::tests::remove_missing_minter_returns_not_found ... ok
test instructions::update_minter::tests::remove_existing_minter_succeeds ... ok
test instructions::update_minter::tests::remove_on_empty_set_returns_not_found ... ok
test instructions::update_minter::tests::remove_only_target_and_keeps_other_entries ... ok
test instructions::update_minter::tests::update_quota_changes_existing_minter_quota ... ok
test instructions::update_minter::tests::update_quota_missing_minter_returns_not_found ... ok
test instructions::update_minter::tests::update_quota_preserves_minted_amount ... ok
test instructions::update_roles::tests::add_blacklister_is_idempotent ... ok
test instructions::update_minter::tests::update_quota_to_zero_is_allowed ... ok
test instructions::update_roles::tests::add_blacklister_requires_transfer_hook_enabled ... ok
test instructions::update_roles::tests::add_blacklister_succeeds_when_transfer_hook_enabled ... ok
test instructions::update_roles::tests::add_burner_is_idempotent ... ok
test instructions::update_roles::tests::add_burner_pushes_address ... ok
test instructions::update_roles::tests::add_seizer_is_idempotent ... ok
test instructions::update_roles::tests::add_pauser_pushes_address ... ok
test instructions::update_roles::tests::add_pauser_does_not_touch_other_collections ... ok
test instructions::update_roles::tests::add_seizer_requires_permanent_delegate_enabled ... ok
test instructions::update_roles::tests::add_seizer_succeeds_when_permanent_delegate_enabled ... ok
test instructions::update_roles::tests::remove_blacklister_does_not_touch_seizers ... ok
test instructions::update_roles::tests::remove_blacklister_removes_without_feature_gating ... ok
test instructions::update_roles::tests::remove_burner_removes_address ... ok
test instructions::update_roles::tests::remove_missing_entries_is_noop ... ok
test instructions::update_roles::tests::remove_pauser_removes_address ... ok
test instructions::update_roles::tests::remove_seizer_removes_address ... ok
test instructions::update_roles::tests::role_name_matches_variants ... ok
test test_id ... ok

test result: ok. 40 passed; 0 failed; 0 ignored; 0 measured; 0 filtered out; finished in 0.00s

     Running unittests src/lib.rs (target/debug/deps/sss_transfer_hook-ec43fc0d842b7b9d)

running 1 test
test test_id ... ok

test result: ok. 1 passed; 0 failed; 0 ignored; 0 measured; 0 filtered out; finished in 0.00s

   Doc-tests sss_stablecoin

running 0 tests

test result: ok. 0 passed; 0 failed; 0 ignored; 0 measured; 0 filtered out; finished in 0.00s

   Doc-tests sss_transfer_hook

running 0 tests

test result: ok. 0 passed; 0 failed; 0 ignored; 0 measured; 0 filtered out; finished in 0.00s

